d:\github\university\ps\pe_lab_5_1\win32apiwindows\win32apiwindows\debug\win32apiwindows.pch
d:\github\university\ps\pe_lab_5_1\win32apiwindows\win32apiwindows\debug\vc143.pdb
d:\github\university\ps\pe_lab_5_1\win32apiwindows\win32apiwindows\debug\vc143.idb
d:\github\university\ps\pe_lab_5_1\win32apiwindows\win32apiwindows\debug\stdafx.obj
d:\github\university\ps\pe_lab_5_1\win32apiwindows\win32apiwindows\debug\win32apiwindows.obj
d:\github\university\ps\pe_lab_1_2\win32apiwindows\debug\win32apiwindows.exe
d:\github\university\ps\pe_lab_1_2\win32apiwindows\debug\win32apiwindows.pdb
d:\github\university\ps\pe_lab_4\win32apiwindows\debug\win32apiwindows.exe
d:\github\university\ps\pe_lab_4\win32apiwindows\debug\win32apiwindows.pdb
d:\github\university\ps\pe_lab_1_2\win32apiwindows\win32apiwindows\debug\win32apiwindows.res
d:\github\university\ps\pe_lab_4\win32apiwindows\win32apiwindows\debug\win32apiwindows.res
d:\github\university\ps\pe_lab_5_1\win32apiwindows\win32apiwindows\debug\win32apiwindows.res
d:\github\university\ps\pe_lab_5_1\win32apiwindows\win32apiwindows\debug\win32apiwindows.ilk
d:\github\university\ps\pe_lab_5_1\win32apiwindows\debug\win32apiwindows.pdb
d:\github\university\ps\pe_lab_5_1\win32apiwindows\win32apiwindows\debug\win32apiwindows.tlog\cl.command.1.tlog
d:\github\university\ps\pe_lab_5_1\win32apiwindows\win32apiwindows\debug\win32apiwindows.tlog\cl.items.tlog
d:\github\university\ps\pe_lab_5_1\win32apiwindows\win32apiwindows\debug\win32apiwindows.tlog\cl.read.1.tlog
d:\github\university\ps\pe_lab_5_1\win32apiwindows\win32apiwindows\debug\win32apiwindows.tlog\cl.write.1.tlog
d:\github\university\ps\pe_lab_5_1\win32apiwindows\win32apiwindows\debug\win32apiwindows.tlog\link-cvtres.read.1.tlog
d:\github\university\ps\pe_lab_5_1\win32apiwindows\win32apiwindows\debug\win32apiwindows.tlog\link-cvtres.write.1.tlog
d:\github\university\ps\pe_lab_5_1\win32apiwindows\win32apiwindows\debug\win32apiwindows.tlog\link-rc.read.1.tlog
d:\github\university\ps\pe_lab_5_1\win32apiwindows\win32apiwindows\debug\win32apiwindows.tlog\link-rc.write.1.tlog
d:\github\university\ps\pe_lab_5_1\win32apiwindows\win32apiwindows\debug\win32apiwindows.tlog\link.29296-cvtres.read.1.tlog
d:\github\university\ps\pe_lab_5_1\win32apiwindows\win32apiwindows\debug\win32apiwindows.tlog\link.29296-cvtres.write.1.tlog
d:\github\university\ps\pe_lab_5_1\win32apiwindows\win32apiwindows\debug\win32apiwindows.tlog\link.29296-rc.read.1.tlog
d:\github\university\ps\pe_lab_5_1\win32apiwindows\win32apiwindows\debug\win32apiwindows.tlog\link.29296-rc.write.1.tlog
d:\github\university\ps\pe_lab_5_1\win32apiwindows\win32apiwindows\debug\win32apiwindows.tlog\link.29296.read.1.tlog
d:\github\university\ps\pe_lab_5_1\win32apiwindows\win32apiwindows\debug\win32apiwindows.tlog\link.29296.write.1.tlog
d:\github\university\ps\pe_lab_5_1\win32apiwindows\win32apiwindows\debug\win32apiwindows.tlog\link.command.1.tlog
d:\github\university\ps\pe_lab_5_1\win32apiwindows\win32apiwindows\debug\win32apiwindows.tlog\link.read.1.tlog
d:\github\university\ps\pe_lab_5_1\win32apiwindows\win32apiwindows\debug\win32apiwindows.tlog\link.secondary.1.tlog
d:\github\university\ps\pe_lab_5_1\win32apiwindows\win32apiwindows\debug\win32apiwindows.tlog\link.write.1.tlog
d:\github\university\ps\pe_lab_5_1\win32apiwindows\win32apiwindows\debug\win32apiwindows.tlog\rc.command.1.tlog
d:\github\university\ps\pe_lab_5_1\win32apiwindows\win32apiwindows\debug\win32apiwindows.tlog\rc.read.1.tlog
d:\github\university\ps\pe_lab_5_1\win32apiwindows\win32apiwindows\debug\win32apiwindows.tlog\rc.write.1.tlog
