  Win32APIwindows.c
E:\GitHub\University\PS\PE_lab_5_2\Win32APIwindows\Win32APIwindows\Win32APIwindows.c(118,9): warning C4101: 'hWndChild': unreferenced local variable
  (compiling source file '/Win32APIwindows.c')
  
E:\GitHub\University\PS\PE_lab_5_2\Win32APIwindows\Win32APIwindows\Win32APIwindows.c(232,11): warning C4047: '=': 'LONG' differs in levels of indirection from 'void *'
  (compiling source file '/Win32APIwindows.c')
  
E:\GitHub\University\PS\PE_lab_5_2\Win32APIwindows\Win32APIwindows\Win32APIwindows.c(233,11): warning C4047: '=': 'LONG' differs in levels of indirection from 'void *'
  (compiling source file '/Win32APIwindows.c')
  
E:\GitHub\University\PS\PE_lab_5_2\Win32APIwindows\Win32APIwindows\Win32APIwindows.c(247,11): warning C4047: '=': 'LONG' differs in levels of indirection from 'void *'
  (compiling source file '/Win32APIwindows.c')
  
E:\GitHub\University\PS\PE_lab_5_2\Win32APIwindows\Win32APIwindows\Win32APIwindows.c(248,11): warning C4047: '=': 'LONG' differs in levels of indirection from 'void *'
  (compiling source file '/Win32APIwindows.c')
  
E:\GitHub\University\PS\PE_lab_5_2\Win32APIwindows\Win32APIwindows\Win32APIwindows.c(303,4): warning C4477: 'swprintf_s' : format string '%d' requires an argument of type 'int', but variadic argument 1 has type 'unsigned short *'
  (compiling source file '/Win32APIwindows.c')
  
E:\GitHub\University\PS\PE_lab_5_2\Win32APIwindows\Win32APIwindows\Win32APIwindows.c(305,4): warning C4474: 'swprintf_s' : too many arguments passed for format string
  (compiling source file '/Win32APIwindows.c')
      E:\GitHub\University\PS\PE_lab_5_2\Win32APIwindows\Win32APIwindows\Win32APIwindows.c(305,4):
      placeholders and their parameters expect 1 variadic arguments, but 9 were provided
  
E:\GitHub\University\PS\PE_lab_5_2\Win32APIwindows\Win32APIwindows\Win32APIwindows.c(388,4): warning C4477: 'swprintf_s' : format string '%d' requires an argument of type 'int', but variadic argument 1 has type 'unsigned short *'
  (compiling source file '/Win32APIwindows.c')
  
E:\GitHub\University\PS\PE_lab_5_2\Win32APIwindows\Win32APIwindows\Win32APIwindows.c(390,4): warning C4474: 'swprintf_s' : too many arguments passed for format string
  (compiling source file '/Win32APIwindows.c')
      E:\GitHub\University\PS\PE_lab_5_2\Win32APIwindows\Win32APIwindows\Win32APIwindows.c(390,4):
      placeholders and their parameters expect 1 variadic arguments, but 9 were provided
  
  Win32APIwindows.vcxproj -> E:\GitHub\University\PS\PE_lab_5_2\Win32APIwindows\Debug\Win32APIwindows.exe
